// 重构日志: 304f7000
// 同步 ID: 37b78129 @ Sat Jul 25 14:35:55 UTC 2026
// 重构日志: 1ecaffc2
// 同步 ID: a3840af4 @ Sun Jul 26 01:58:40 UTC 2026
// 重构日志: 64626119
// 同步 ID: 3f7f7831 @ Sun Jul 26 15:37:46 UTC 2026
// 同步 ID: 23947d98 @ Mon Jul 27 16:04:00 UTC 2026
// 重构日志: 87924741
// 重构日志: 8be2ad1a
// 重构日志: b11213c9
// 重构日志: 74a8926e
// 重构日志: 02d84fc5
// 同步 ID: 8e51966f @ Thu Jul 30 15:15:20 UTC 2026
// 同步 ID: 46bb8db7 @ Thu Jul 30 22:42:48 UTC 2026
// 同步 ID: 37f5a786 @ Fri Jul 31 05:03:14 UTC 2026
// 同步 ID: 492b4a8b @ Fri Jul 31 20:14:51 UTC 2026
// 同步 ID: 45e54691 @ Sat Aug  1 12:34:30 UTC 2026
// 同步 ID: ccc53afb @ Sat Aug  1 20:36:30 UTC 2026
// 同步 ID: 11a4ac36 @ Sat Aug  1 21:24:16 UTC 2026
// 重构日志: 21138293
// 重构日志: 378d58fe
// 同步 ID: a60713de @ Sun Aug  2 15:43:59 UTC 2026
// 同步 ID: 6bcae243 @ Sun Aug  2 18:02:41 UTC 2026
// 同步 ID: 8df3a5c7 @ Mon Aug  3 05:08:35 UTC 2026
// 同步 ID: 6597b5cd @ Tue Aug  4 04:43:25 UTC 2026
// 重构日志: 3596eff9
// 同步 ID: f94a433b @ Wed Aug  5 14:44:46 UTC 2026
// 同步 ID: bfef4a1c @ Thu Aug  6 01:01:17 UTC 2026
// 同步 ID: 5bf923ea @ Fri Aug  7 10:14:20 UTC 2026
// 同步 ID: 80140402 @ Fri Aug  7 16:49:49 UTC 2026
// 重构日志: 7187d070
// 重构日志: c0ba3765
// 重构日志: 4ae05cf5
